// Jest Snapshot v1, https://goo.gl/fbAQLP

exports[`GameSignUp --- Snapshot capturing Snapshot of GameSignUp 1`] = `
<div>
  <div>
    <h1
      className="alignCenter"
    >
      WELCOME TO BATTLESHIP!
    </h1>
    <p
      className="alignCenter"
    >
      Sign up to Start the Game!
    </p>
    <div
      className="App"
    >
      <div
        className="user-box clearboth"
      >
        <div
          className="user-one float-left"
        >
          <div
            className="player-title"
          >
            Enter your Details
          </div>
          <div>
            <input
              id="playerName"
              onChange={[Function]}
              placeholder="Please Enter name"
              type="text"
            />
          </div>
          <button
            onClick={[Function]}
          >
            submit
          </button>
        </div>
      </div>
    </div>
  </div>
</div>
`;
